{
  "method": "textDocument/codeAction",
  "result": [
    {
      "title": "Convert to `: T`",
      "kind": "quickfix",
      "diagnostics": [],
      "edit": {
        "changes": {
          "<PLACEHOLDER_PROJECT_URL>/fix-type-param-extends.js": [
            {
              "range": {
                "start": {
                  "line": 2,
                  "character": 7
                },
                "end": {
                  "line": 2,
                  "character": 23
                }
              },
              "newText": "A: string"
            }
          ]
        }
      },
      "command": {
        "title": "",
        "command": "log:org.flow:<PLACEHOLDER_PROJECT_URL>",
        "arguments": [
          "textDocument/codeAction",
          "convert_type_param_extends",
          "Convert to `: T`"
        ]
      }
    }
  ]
}
