{
  "method": "textDocument/codeAction",
  "result": [
    {
      "title": "Convert to `Partial`",
      "kind": "quickfix",
      "diagnostics": [],
      "edit": {
        "changes": {
          "<PLACEHOLDER_PROJECT_URL>/fix-shape-type.js": [
            {
              "range": {
                "start": {
                  "line": 1,
                  "character": 9
                },
                "end": {
                  "line": 1,
                  "character": 15
                }
              },
              "newText": "Partial"
            }
          ]
        }
      },
      "command": {
        "title": "",
        "command": "log:org.flow:<PLACEHOLDER_PROJECT_URL>",
        "arguments": [
          "textDocument/codeAction",
          "convert_$Shape_type",
          "Convert to `Partial`"
        ]
      }
    }
  ]
}
