{
  "method": "textDocument/codeAction",
  "result": [
    {
      "title": "Convert to `$Keys<T>`",
      "kind": "quickfix",
      "diagnostics": [],
      "edit": {
        "changes": {
          "<PLACEHOLDER_PROJECT_URL>/fix-keyof.js": [
            {
              "range": {
                "start": {
                  "line": 2,
                  "character": 9
                },
                "end": {
                  "line": 2,
                  "character": 16
                }
              },
              "newText": "$Keys<O>"
            }
          ]
        }
      },
      "command": {
        "title": "",
        "command": "log:org.flow:<PLACEHOLDER_PROJECT_URL>",
        "arguments": [
          "textDocument/codeAction",
          "convert_keyof_type",
          "Convert to `$Keys<T>`"
        ]
      }
    }
  ]
}
