{
  "method": "textDocument/codeAction",
  "result": [
    {
      "title": "Wrap in a block",
      "kind": "quickfix",
      "diagnostics": [],
      "edit": {
        "changes": {
          "<PLACEHOLDER_PROJECT_URL>/fix-match-statement-invalid-body.js": [
            {
              "range": {
                "start": {
                  "line": 4,
                  "character": 9
                },
                "end": {
                  "line": 4,
                  "character": 21
                }
              },
              "newText": "{\n        return true;\n      }"
            }
          ]
        }
      },
      "command": {
        "title": "",
        "command": "log:org.flow:<PLACEHOLDER_PROJECT_URL>",
        "arguments": [
          "textDocument/codeAction",
          "fix_invalid_match_statement_body",
          "Wrap in a block"
        ]
      }
    }
  ]
}
