{
  "method": "textDocument/codeAction",
  "result": [
    {
      "title": "Switch to `renders?`",
      "kind": "quickfix",
      "diagnostics": [],
      "edit": {
        "changes": {
          "<PLACEHOLDER_PROJECT_URL>/invalid-renders.js": [
            {
              "range": {
                "start": {
                  "line": 17,
                  "character": 14
                },
                "end": {
                  "line": 17,
                  "character": 21
                }
              },
              "newText": "renders?"
            },
            {
              "range": {
                "start": {
                  "line": 17,
                  "character": 23
                },
                "end": {
                  "line": 17,
                  "character": 37
                }
              },
              "newText": "Foo | 1"
            }
          ]
        }
      },
      "command": {
        "title": "",
        "command": "log:org.flow:<PLACEHOLDER_PROJECT_URL>",
        "arguments": [
          "textDocument/codeAction",
          "switch_to_renders_maybe",
          "Switch to `renders?`"
        ]
      }
    }
  ]
}
