{
  "method": "textDocument/codeAction",
  "result": [
    {
      "title": "Simplify `renders*`",
      "kind": "quickfix",
      "diagnostics": [],
      "edit": {
        "changes": {
          "<PLACEHOLDER_PROJECT_URL>/invalid-renders.js": [
            {
              "range": {
                "start": {
                  "line": 18,
                  "character": 24
                },
                "end": {
                  "line": 18,
                  "character": 34
                }
              },
              "newText": "Foo"
            }
          ]
        }
      },
      "command": {
        "title": "",
        "command": "log:org.flow:<PLACEHOLDER_PROJECT_URL>",
        "arguments": [
          "textDocument/codeAction",
          "simplify_renders_star",
          "Simplify `renders*`"
        ]
      }
    }
  ]
}
