{
  "method": "textDocument/codeAction",
  "result": [
    {
      "title": "Switch to `renders*`",
      "kind": "quickfix",
      "diagnostics": [],
      "edit": {
        "changes": {
          "<PLACEHOLDER_PROJECT_URL>/invalid-renders.js": [
            {
              "range": {
                "start": {
                  "line": 13,
                  "character": 13
                },
                "end": {
                  "line": 13,
                  "character": 20
                }
              },
              "newText": "renders*"
            },
            {
              "range": {
                "start": {
                  "line": 13,
                  "character": 21
                },
                "end": {
                  "line": 13,
                  "character": 31
                }
              },
              "newText": "Foo"
            }
          ]
        }
      },
      "command": {
        "title": "",
        "command": "log:org.flow:<PLACEHOLDER_PROJECT_URL>",
        "arguments": [
          "textDocument/codeAction",
          "switch_to_renders_star",
          "Switch to `renders*`"
        ]
      }
    }
  ]
}
