{
  "method": "textDocument/diagnostics",
  "result": {
    "kind": "full",
    "items": [
      {
        "range": {
          "start": {
            "line": 0,
            "character": 18
          },
          "end": {
            "line": 0,
            "character": 19
          }
        },
        "severity": 1,
        "code": "incompatible-type",
        "source": "Flow",
        "message": "Cannot assign `3` to `a` because  number [1] is incompatible with  string [2].",
        "relatedInformation": [
          {
            "location": {
              "uri": "<PLACEHOLDER_PROJECT_URL>/file_with_simple_error.js",
              "range": {
                "start": {
                  "line": 0,
                  "character": 18
                },
                "end": {
                  "line": 0,
                  "character": 19
                }
              }
            },
            "message": "[1] number"
          },
          {
            "location": {
              "uri": "<PLACEHOLDER_PROJECT_URL>/file_with_simple_error.js",
              "range": {
                "start": {
                  "line": 0,
                  "character": 9
                },
                "end": {
                  "line": 0,
                  "character": 15
                }
              }
            },
            "message": "[2] string"
          }
        ],
        "data": {
          "version": 0,
          "rendered": [
            {
              "style": {
                "type": "normal",
                "color": "red"
              },
              "text": "Error ┈┈┈┈┈┈┈┈┈┈┈┈┈┈┈┈┈┈┈┈┈┈┈┈┈┈┈┈┈┈┈┈┈┈┈┈┈┈┈┈┈┈┈ file_with_simple_error.js:1:19"
            },
            {
              "style": {
                "type": "normal",
                "color": "default"
              },
              "text": "\n"
            },
            {
              "style": {
                "type": "normal",
                "color": "default"
              },
              "text": "\n"
            },
            {
              "style": {
                "type": "normal",
                "color": "default"
              },
              "text": "Cannot"
            },
            {
              "style": {
                "type": "normal",
                "color": "default"
              },
              "text": " "
            },
            {
              "style": {
                "type": "normal",
                "color": "default"
              },
              "text": "assign"
            },
            {
              "style": {
                "type": "normal",
                "color": "default"
              },
              "text": " "
            },
            {
              "style": {
                "type": "normal",
                "color": "default"
              },
              "text": ""
            },
            {
              "style": {
                "type": "bold",
                "color": "default"
              },
              "text": "3"
            },
            {
              "style": {
                "type": "normal",
                "color": "default"
              },
              "text": ""
            },
            {
              "style": {
                "type": "normal",
                "color": "default"
              },
              "text": " "
            },
            {
              "style": {
                "type": "normal",
                "color": "default"
              },
              "text": "to"
            },
            {
              "style": {
                "type": "normal",
                "color": "default"
              },
              "text": " "
            },
            {
              "style": {
                "type": "normal",
                "color": "default"
              },
              "text": ""
            },
            {
              "style": {
                "type": "normal",
                "color": "default"
              },
              "text": ""
            },
            {
              "style": {
                "type": "bold",
                "color": "default"
              },
              "text": "a"
            },
            {
              "style": {
                "type": "normal",
                "color": "default"
              },
              "text": ""
            },
            {
              "style": {
                "type": "normal",
                "color": "default"
              },
              "text": ""
            },
            {
              "style": {
                "type": "normal",
                "color": "default"
              },
              "text": " "
            },
            {
              "style": {
                "type": "normal",
                "color": "default"
              },
              "text": "because"
            },
            {
              "style": {
                "type": "normal",
                "color": "default"
              },
              "text": " "
            },
            {
              "style": {
                "type": "normal",
                "color": "default"
              },
              "text": ""
            },
            {
              "style": {
                "type": "underline",
                "color": "default"
              },
              "text": "number"
            },
            {
              "style": {
                "type": "normal",
                "color": "default"
              },
              "text": " "
            },
            {
              "style": {
                "type": "dim",
                "color": "default"
              },
              "text": "["
            },
            {
              "style": {
                "type": "normal",
                "color": "red"
              },
              "text": "1"
            },
            {
              "style": {
                "type": "dim",
                "color": "default"
              },
              "text": "]"
            },
            {
              "style": {
                "type": "normal",
                "color": "default"
              },
              "text": ""
            },
            {
              "style": {
                "type": "normal",
                "color": "default"
              },
              "text": " "
            },
            {
              "style": {
                "type": "normal",
                "color": "default"
              },
              "text": "is"
            },
            {
              "style": {
                "type": "normal",
                "color": "default"
              },
              "text": " "
            },
            {
              "style": {
                "type": "normal",
                "color": "default"
              },
              "text": "incompatible"
            },
            {
              "style": {
                "type": "normal",
                "color": "default"
              },
              "text": " "
            },
            {
              "style": {
                "type": "normal",
                "color": "default"
              },
              "text": "with"
            },
            {
              "style": {
                "type": "normal",
                "color": "default"
              },
              "text": " "
            },
            {
              "style": {
                "type": "normal",
                "color": "default"
              },
              "text": ""
            },
            {
              "style": {
                "type": "underline",
                "color": "default"
              },
              "text": "string"
            },
            {
              "style": {
                "type": "normal",
                "color": "default"
              },
              "text": " "
            },
            {
              "style": {
                "type": "dim",
                "color": "default"
              },
              "text": "["
            },
            {
              "style": {
                "type": "normal",
                "color": "cyan"
              },
              "text": "2"
            },
            {
              "style": {
                "type": "dim",
                "color": "default"
              },
              "text": "]"
            },
            {
              "style": {
                "type": "normal",
                "color": "default"
              },
              "text": "."
            },
            {
              "style": {
                "type": "normal",
                "color": "default"
              },
              "text": ""
            },
            {
              "style": {
                "type": "normal",
                "color": "default"
              },
              "text": "\n"
            },
            {
              "style": {
                "type": "normal",
                "color": "default"
              },
              "text": "["
            },
            {
              "style": {
                "type": "normal",
                "color": "default"
              },
              "text": "incompatible-type"
            },
            {
              "style": {
                "type": "normal",
                "color": "default"
              },
              "text": "]"
            },
            {
              "style": {
                "type": "normal",
                "color": "default"
              },
              "text": "\n"
            },
            {
              "style": {
                "type": "normal",
                "color": "default"
              },
              "text": "\n"
            },
            {
              "style": {
                "type": "normal",
                "color": "default"
              },
              "text": "   "
            },
            {
              "style": {
                "type": "normal",
                "color": "default"
              },
              "text": "file_with_simple_error.js:1:19"
            },
            {
              "style": {
                "type": "normal",
                "color": "default"
              },
              "text": "\n"
            },
            {
              "style": {
                "type": "normal",
                "color": "default"
              },
              "text": "   "
            },
            {
              "style": {
                "type": "dim",
                "color": "default"
              },
              "text": "1"
            },
            {
              "style": {
                "type": "dim",
                "color": "default"
              },
              "text": "│"
            },
            {
              "style": {
                "type": "normal",
                "color": "default"
              },
              "text": " "
            },
            {
              "style": {
                "type": "dim",
                "color": "default"
              },
              "text": "const a: string = "
            },
            {
              "style": {
                "type": "normal",
                "color": "red"
              },
              "text": "3"
            },
            {
              "style": {
                "type": "dim",
                "color": "default"
              },
              "text": ";"
            },
            {
              "style": {
                "type": "normal",
                "color": "default"
              },
              "text": "\n"
            },
            {
              "style": {
                "type": "normal",
                "color": "default"
              },
              "text": "      "
            },
            {
              "style": {
                "type": "normal",
                "color": "red"
              },
              "text": "                  ^"
            },
            {
              "style": {
                "type": "normal",
                "color": "red"
              },
              "text": " [1]"
            },
            {
              "style": {
                "type": "normal",
                "color": "default"
              },
              "text": "\n"
            },
            {
              "style": {
                "type": "normal",
                "color": "default"
              },
              "text": "\nReferences:\n"
            },
            {
              "style": {
                "type": "normal",
                "color": "default"
              },
              "text": "   "
            },
            {
              "style": {
                "type": "normal",
                "color": "default"
              },
              "text": "file_with_simple_error.js:1:10"
            },
            {
              "style": {
                "type": "normal",
                "color": "default"
              },
              "text": "\n"
            },
            {
              "style": {
                "type": "normal",
                "color": "default"
              },
              "text": "   "
            },
            {
              "style": {
                "type": "dim",
                "color": "default"
              },
              "text": "1"
            },
            {
              "style": {
                "type": "dim",
                "color": "default"
              },
              "text": "│"
            },
            {
              "style": {
                "type": "normal",
                "color": "default"
              },
              "text": " "
            },
            {
              "style": {
                "type": "dim",
                "color": "default"
              },
              "text": "const a: "
            },
            {
              "style": {
                "type": "normal",
                "color": "cyan"
              },
              "text": "string"
            },
            {
              "style": {
                "type": "dim",
                "color": "default"
              },
              "text": " = 3;"
            },
            {
              "style": {
                "type": "normal",
                "color": "default"
              },
              "text": "\n"
            },
            {
              "style": {
                "type": "normal",
                "color": "default"
              },
              "text": "      "
            },
            {
              "style": {
                "type": "normal",
                "color": "cyan"
              },
              "text": "         ^^^^^^"
            },
            {
              "style": {
                "type": "normal",
                "color": "cyan"
              },
              "text": " [2]"
            },
            {
              "style": {
                "type": "normal",
                "color": "default"
              },
              "text": "\n"
            },
            {
              "style": {
                "type": "normal",
                "color": "default"
              },
              "text": "\n"
            }
          ]
        }
      },
      {
        "range": {
          "start": {
            "line": 1,
            "character": 28
          },
          "end": {
            "line": 1,
            "character": 29
          }
        },
        "severity": 1,
        "code": "incompatible-type",
        "source": "Flow",
        "message": "Cannot assign `4` to `b` because:\n • Either  number [1] is incompatible with  string [2].\n • Or  number [1] is incompatible with  boolean [3].",
        "relatedInformation": [
          {
            "location": {
              "uri": "<PLACEHOLDER_PROJECT_URL>/file_with_simple_error.js",
              "range": {
                "start": {
                  "line": 1,
                  "character": 28
                },
                "end": {
                  "line": 1,
                  "character": 29
                }
              }
            },
            "message": "[1] number"
          },
          {
            "location": {
              "uri": "<PLACEHOLDER_PROJECT_URL>/file_with_simple_error.js",
              "range": {
                "start": {
                  "line": 1,
                  "character": 9
                },
                "end": {
                  "line": 1,
                  "character": 15
                }
              }
            },
            "message": "[2] string"
          },
          {
            "location": {
              "uri": "<PLACEHOLDER_PROJECT_URL>/file_with_simple_error.js",
              "range": {
                "start": {
                  "line": 1,
                  "character": 28
                },
                "end": {
                  "line": 1,
                  "character": 29
                }
              }
            },
            "message": "[1] number"
          },
          {
            "location": {
              "uri": "<PLACEHOLDER_PROJECT_URL>/file_with_simple_error.js",
              "range": {
                "start": {
                  "line": 1,
                  "character": 18
                },
                "end": {
                  "line": 1,
                  "character": 25
                }
              }
            },
            "message": "[3] boolean"
          }
        ],
        "data": {
          "version": 0,
          "rendered": [
            {
              "style": {
                "type": "normal",
                "color": "red"
              },
              "text": "Error ┈┈┈┈┈┈┈┈┈┈┈┈┈┈┈┈┈┈┈┈┈┈┈┈┈┈┈┈┈┈┈┈┈┈┈┈┈┈┈┈┈┈┈ file_with_simple_error.js:2:29"
            },
            {
              "style": {
                "type": "normal",
                "color": "default"
              },
              "text": "\n"
            },
            {
              "style": {
                "type": "normal",
                "color": "default"
              },
              "text": "\n"
            },
            {
              "style": {
                "type": "normal",
                "color": "default"
              },
              "text": "Cannot"
            },
            {
              "style": {
                "type": "normal",
                "color": "default"
              },
              "text": " "
            },
            {
              "style": {
                "type": "normal",
                "color": "default"
              },
              "text": "assign"
            },
            {
              "style": {
                "type": "normal",
                "color": "default"
              },
              "text": " "
            },
            {
              "style": {
                "type": "normal",
                "color": "default"
              },
              "text": ""
            },
            {
              "style": {
                "type": "bold",
                "color": "default"
              },
              "text": "4"
            },
            {
              "style": {
                "type": "normal",
                "color": "default"
              },
              "text": ""
            },
            {
              "style": {
                "type": "normal",
                "color": "default"
              },
              "text": " "
            },
            {
              "style": {
                "type": "normal",
                "color": "default"
              },
              "text": "to"
            },
            {
              "style": {
                "type": "normal",
                "color": "default"
              },
              "text": " "
            },
            {
              "style": {
                "type": "normal",
                "color": "default"
              },
              "text": ""
            },
            {
              "style": {
                "type": "normal",
                "color": "default"
              },
              "text": ""
            },
            {
              "style": {
                "type": "bold",
                "color": "default"
              },
              "text": "b"
            },
            {
              "style": {
                "type": "normal",
                "color": "default"
              },
              "text": ""
            },
            {
              "style": {
                "type": "normal",
                "color": "default"
              },
              "text": ""
            },
            {
              "style": {
                "type": "normal",
                "color": "default"
              },
              "text": " "
            },
            {
              "style": {
                "type": "normal",
                "color": "default"
              },
              "text": "because"
            },
            {
              "style": {
                "type": "normal",
                "color": "default"
              },
              "text": ":"
            },
            {
              "style": {
                "type": "normal",
                "color": "default"
              },
              "text": ""
            },
            {
              "style": {
                "type": "normal",
                "color": "default"
              },
              "text": " "
            },
            {
              "style": {
                "type": "normal",
                "color": "default"
              },
              "text": "["
            },
            {
              "style": {
                "type": "normal",
                "color": "default"
              },
              "text": "incompatible-type"
            },
            {
              "style": {
                "type": "normal",
                "color": "default"
              },
              "text": "]"
            },
            {
              "style": {
                "type": "normal",
                "color": "default"
              },
              "text": "\n"
            },
            {
              "style": {
                "type": "normal",
                "color": "default"
              },
              "text": " • "
            },
            {
              "style": {
                "type": "normal",
                "color": "default"
              },
              "text": "Either"
            },
            {
              "style": {
                "type": "normal",
                "color": "default"
              },
              "text": ""
            },
            {
              "style": {
                "type": "normal",
                "color": "default"
              },
              "text": " "
            },
            {
              "style": {
                "type": "normal",
                "color": "default"
              },
              "text": ""
            },
            {
              "style": {
                "type": "underline",
                "color": "default"
              },
              "text": "number"
            },
            {
              "style": {
                "type": "normal",
                "color": "default"
              },
              "text": " "
            },
            {
              "style": {
                "type": "dim",
                "color": "default"
              },
              "text": "["
            },
            {
              "style": {
                "type": "normal",
                "color": "red"
              },
              "text": "1"
            },
            {
              "style": {
                "type": "dim",
                "color": "default"
              },
              "text": "]"
            },
            {
              "style": {
                "type": "normal",
                "color": "default"
              },
              "text": ""
            },
            {
              "style": {
                "type": "normal",
                "color": "default"
              },
              "text": " "
            },
            {
              "style": {
                "type": "normal",
                "color": "default"
              },
              "text": "is"
            },
            {
              "style": {
                "type": "normal",
                "color": "default"
              },
              "text": " "
            },
            {
              "style": {
                "type": "normal",
                "color": "default"
              },
              "text": "incompatible"
            },
            {
              "style": {
                "type": "normal",
                "color": "default"
              },
              "text": " "
            },
            {
              "style": {
                "type": "normal",
                "color": "default"
              },
              "text": "with"
            },
            {
              "style": {
                "type": "normal",
                "color": "default"
              },
              "text": " "
            },
            {
              "style": {
                "type": "normal",
                "color": "default"
              },
              "text": ""
            },
            {
              "style": {
                "type": "underline",
                "color": "default"
              },
              "text": "string"
            },
            {
              "style": {
                "type": "normal",
                "color": "default"
              },
              "text": " "
            },
            {
              "style": {
                "type": "dim",
                "color": "default"
              },
              "text": "["
            },
            {
              "style": {
                "type": "normal",
                "color": "cyan"
              },
              "text": "2"
            },
            {
              "style": {
                "type": "dim",
                "color": "default"
              },
              "text": "]"
            },
            {
              "style": {
                "type": "normal",
                "color": "default"
              },
              "text": "."
            },
            {
              "style": {
                "type": "normal",
                "color": "default"
              },
              "text": "\n"
            },
            {
              "style": {
                "type": "normal",
                "color": "default"
              },
              "text": " • "
            },
            {
              "style": {
                "type": "normal",
                "color": "default"
              },
              "text": "Or"
            },
            {
              "style": {
                "type": "normal",
                "color": "default"
              },
              "text": ""
            },
            {
              "style": {
                "type": "normal",
                "color": "default"
              },
              "text": " "
            },
            {
              "style": {
                "type": "normal",
                "color": "default"
              },
              "text": ""
            },
            {
              "style": {
                "type": "underline",
                "color": "default"
              },
              "text": "number"
            },
            {
              "style": {
                "type": "normal",
                "color": "default"
              },
              "text": " "
            },
            {
              "style": {
                "type": "dim",
                "color": "default"
              },
              "text": "["
            },
            {
              "style": {
                "type": "normal",
                "color": "red"
              },
              "text": "1"
            },
            {
              "style": {
                "type": "dim",
                "color": "default"
              },
              "text": "]"
            },
            {
              "style": {
                "type": "normal",
                "color": "default"
              },
              "text": ""
            },
            {
              "style": {
                "type": "normal",
                "color": "default"
              },
              "text": " "
            },
            {
              "style": {
                "type": "normal",
                "color": "default"
              },
              "text": "is"
            },
            {
              "style": {
                "type": "normal",
                "color": "default"
              },
              "text": " "
            },
            {
              "style": {
                "type": "normal",
                "color": "default"
              },
              "text": "incompatible"
            },
            {
              "style": {
                "type": "normal",
                "color": "default"
              },
              "text": " "
            },
            {
              "style": {
                "type": "normal",
                "color": "default"
              },
              "text": "with"
            },
            {
              "style": {
                "type": "normal",
                "color": "default"
              },
              "text": " "
            },
            {
              "style": {
                "type": "normal",
                "color": "default"
              },
              "text": ""
            },
            {
              "style": {
                "type": "underline",
                "color": "default"
              },
              "text": "boolean"
            },
            {
              "style": {
                "type": "normal",
                "color": "default"
              },
              "text": " "
            },
            {
              "style": {
                "type": "dim",
                "color": "default"
              },
              "text": "["
            },
            {
              "style": {
                "type": "normal",
                "color": "cyan"
              },
              "text": "3"
            },
            {
              "style": {
                "type": "dim",
                "color": "default"
              },
              "text": "]"
            },
            {
              "style": {
                "type": "normal",
                "color": "default"
              },
              "text": "."
            },
            {
              "style": {
                "type": "normal",
                "color": "default"
              },
              "text": "\n"
            },
            {
              "style": {
                "type": "normal",
                "color": "default"
              },
              "text": "\n"
            },
            {
              "style": {
                "type": "normal",
                "color": "default"
              },
              "text": "   "
            },
            {
              "style": {
                "type": "normal",
                "color": "default"
              },
              "text": "file_with_simple_error.js:2:29"
            },
            {
              "style": {
                "type": "normal",
                "color": "default"
              },
              "text": "\n"
            },
            {
              "style": {
                "type": "normal",
                "color": "default"
              },
              "text": "   "
            },
            {
              "style": {
                "type": "dim",
                "color": "default"
              },
              "text": "2"
            },
            {
              "style": {
                "type": "dim",
                "color": "default"
              },
              "text": "│"
            },
            {
              "style": {
                "type": "normal",
                "color": "default"
              },
              "text": " "
            },
            {
              "style": {
                "type": "dim",
                "color": "default"
              },
              "text": "const b: string | boolean = "
            },
            {
              "style": {
                "type": "normal",
                "color": "red"
              },
              "text": "4"
            },
            {
              "style": {
                "type": "dim",
                "color": "default"
              },
              "text": ";"
            },
            {
              "style": {
                "type": "normal",
                "color": "default"
              },
              "text": "\n"
            },
            {
              "style": {
                "type": "normal",
                "color": "default"
              },
              "text": "      "
            },
            {
              "style": {
                "type": "normal",
                "color": "red"
              },
              "text": "                            ^"
            },
            {
              "style": {
                "type": "normal",
                "color": "red"
              },
              "text": " [1]"
            },
            {
              "style": {
                "type": "normal",
                "color": "default"
              },
              "text": "\n"
            },
            {
              "style": {
                "type": "normal",
                "color": "default"
              },
              "text": "\nReferences:\n"
            },
            {
              "style": {
                "type": "normal",
                "color": "default"
              },
              "text": "   "
            },
            {
              "style": {
                "type": "normal",
                "color": "default"
              },
              "text": "file_with_simple_error.js:2:10"
            },
            {
              "style": {
                "type": "normal",
                "color": "default"
              },
              "text": "\n"
            },
            {
              "style": {
                "type": "normal",
                "color": "default"
              },
              "text": "   "
            },
            {
              "style": {
                "type": "dim",
                "color": "default"
              },
              "text": "2"
            },
            {
              "style": {
                "type": "dim",
                "color": "default"
              },
              "text": "│"
            },
            {
              "style": {
                "type": "normal",
                "color": "default"
              },
              "text": " "
            },
            {
              "style": {
                "type": "dim",
                "color": "default"
              },
              "text": "const b: "
            },
            {
              "style": {
                "type": "normal",
                "color": "cyan"
              },
              "text": "string"
            },
            {
              "style": {
                "type": "dim",
                "color": "default"
              },
              "text": " | boolean = 4;"
            },
            {
              "style": {
                "type": "normal",
                "color": "default"
              },
              "text": "\n"
            },
            {
              "style": {
                "type": "normal",
                "color": "default"
              },
              "text": "      "
            },
            {
              "style": {
                "type": "normal",
                "color": "cyan"
              },
              "text": "         ^^^^^^"
            },
            {
              "style": {
                "type": "normal",
                "color": "cyan"
              },
              "text": " [2]"
            },
            {
              "style": {
                "type": "normal",
                "color": "default"
              },
              "text": "\n"
            },
            {
              "style": {
                "type": "normal",
                "color": "default"
              },
              "text": "   "
            },
            {
              "style": {
                "type": "normal",
                "color": "default"
              },
              "text": "file_with_simple_error.js:2:19"
            },
            {
              "style": {
                "type": "normal",
                "color": "default"
              },
              "text": "\n"
            },
            {
              "style": {
                "type": "normal",
                "color": "default"
              },
              "text": "   "
            },
            {
              "style": {
                "type": "dim",
                "color": "default"
              },
              "text": "2"
            },
            {
              "style": {
                "type": "dim",
                "color": "default"
              },
              "text": "│"
            },
            {
              "style": {
                "type": "normal",
                "color": "default"
              },
              "text": " "
            },
            {
              "style": {
                "type": "dim",
                "color": "default"
              },
              "text": "const b: string | "
            },
            {
              "style": {
                "type": "normal",
                "color": "cyan"
              },
              "text": "boolean"
            },
            {
              "style": {
                "type": "dim",
                "color": "default"
              },
              "text": " = 4;"
            },
            {
              "style": {
                "type": "normal",
                "color": "default"
              },
              "text": "\n"
            },
            {
              "style": {
                "type": "normal",
                "color": "default"
              },
              "text": "      "
            },
            {
              "style": {
                "type": "normal",
                "color": "cyan"
              },
              "text": "                  ^^^^^^^"
            },
            {
              "style": {
                "type": "normal",
                "color": "cyan"
              },
              "text": " [3]"
            },
            {
              "style": {
                "type": "normal",
                "color": "default"
              },
              "text": "\n"
            },
            {
              "style": {
                "type": "normal",
                "color": "default"
              },
              "text": "\n"
            }
          ]
        }
      }
    ]
  }
}
