{
  "method": "textDocument/diagnostics",
  "result": {
    "kind": "full",
    "items": [
      {
        "range": {
          "start": {
            "line": 0,
            "character": 18
          },
          "end": {
            "line": 0,
            "character": 19
          }
        },
        "severity": 1,
        "code": "incompatible-type",
        "source": "Flow",
        "message": "Cannot assign `3` to `a` because  number [1] is incompatible with  string [2].",
        "relatedInformation": [
          {
            "location": {
              "uri": "<PLACEHOLDER_PROJECT_URL>/file_with_simple_error.js",
              "range": {
                "start": {
                  "line": 0,
                  "character": 18
                },
                "end": {
                  "line": 0,
                  "character": 19
                }
              }
            },
            "message": "[1] number"
          },
          {
            "location": {
              "uri": "<PLACEHOLDER_PROJECT_URL>/file_with_simple_error.js",
              "range": {
                "start": {
                  "line": 0,
                  "character": 9
                },
                "end": {
                  "line": 0,
                  "character": 15
                }
              }
            },
            "message": "[2] string"
          }
        ]
      },
      {
        "range": {
          "start": {
            "line": 1,
            "character": 28
          },
          "end": {
            "line": 1,
            "character": 29
          }
        },
        "severity": 1,
        "code": "incompatible-type",
        "source": "Flow",
        "message": "Cannot assign `4` to `b` because:\n • Either  number [1] is incompatible with  string [2].\n • Or  number [1] is incompatible with  boolean [3].",
        "relatedInformation": [
          {
            "location": {
              "uri": "<PLACEHOLDER_PROJECT_URL>/file_with_simple_error.js",
              "range": {
                "start": {
                  "line": 1,
                  "character": 28
                },
                "end": {
                  "line": 1,
                  "character": 29
                }
              }
            },
            "message": "[1] number"
          },
          {
            "location": {
              "uri": "<PLACEHOLDER_PROJECT_URL>/file_with_simple_error.js",
              "range": {
                "start": {
                  "line": 1,
                  "character": 9
                },
                "end": {
                  "line": 1,
                  "character": 15
                }
              }
            },
            "message": "[2] string"
          },
          {
            "location": {
              "uri": "<PLACEHOLDER_PROJECT_URL>/file_with_simple_error.js",
              "range": {
                "start": {
                  "line": 1,
                  "character": 28
                },
                "end": {
                  "line": 1,
                  "character": 29
                }
              }
            },
            "message": "[1] number"
          },
          {
            "location": {
              "uri": "<PLACEHOLDER_PROJECT_URL>/file_with_simple_error.js",
              "range": {
                "start": {
                  "line": 1,
                  "character": 18
                },
                "end": {
                  "line": 1,
                  "character": 25
                }
              }
            },
            "message": "[3] boolean"
          }
        ]
      }
    ]
  }
}
